// Vitest Snapshot v1, https://vitest.dev/guide/snapshot.html

exports[`SubGenerator cypress of quarkus JHipster blueprint > run > should succeed 1`] = `
{
  ".yo-rc.json": {
    "stateCleared": "modified",
  },
  "cypress-audits.config.ts": {
    "stateCleared": "modified",
  },
  "cypress.config.ts": {
    "stateCleared": "modified",
  },
  "package.json": {
    "stateCleared": "modified",
  },
  "src/test/javascript/cypress/e2e/account/login-page.cy.ts": {
    "stateCleared": "modified",
  },
  "src/test/javascript/cypress/e2e/account/logout.cy.ts": {
    "stateCleared": "modified",
  },
  "src/test/javascript/cypress/e2e/account/password-page.cy.ts": {
    "stateCleared": "modified",
  },
  "src/test/javascript/cypress/e2e/account/register-page.cy.ts": {
    "stateCleared": "modified",
  },
  "src/test/javascript/cypress/e2e/account/reset-password-page.cy.ts": {
    "stateCleared": "modified",
  },
  "src/test/javascript/cypress/e2e/account/settings-page.cy.ts": {
    "stateCleared": "modified",
  },
  "src/test/javascript/cypress/e2e/administration/administration.cy.ts": {
    "stateCleared": "modified",
  },
  "src/test/javascript/cypress/e2e/lighthouse.audits.ts": {
    "stateCleared": "modified",
  },
  "src/test/javascript/cypress/fixtures/integration-test.png": {
    "stateCleared": "modified",
  },
  "src/test/javascript/cypress/plugins/index.ts": {
    "stateCleared": "modified",
  },
  "src/test/javascript/cypress/support/account.ts": {
    "stateCleared": "modified",
  },
  "src/test/javascript/cypress/support/commands.ts": {
    "stateCleared": "modified",
  },
  "src/test/javascript/cypress/support/entity.ts": {
    "stateCleared": "modified",
  },
  "src/test/javascript/cypress/support/index.ts": {
    "stateCleared": "modified",
  },
  "src/test/javascript/cypress/support/management.ts": {
    "stateCleared": "modified",
  },
  "src/test/javascript/cypress/support/navbar.ts": {
    "stateCleared": "modified",
  },
  "src/test/javascript/cypress/tsconfig.json": {
    "stateCleared": "modified",
  },
}
`;
